POST /v1/external/msgs/ HTTP/1.1
Host: chats-engine.dev.cloud.weni.ai
User-Agent: Go-http-client/1.1
Content-Length: 144
Authorization: Bearer ****************
Content-Type: application/json
Accept-Encoding: gzip

{"room":"8ecb1e4a-b457-4645-a161-e2b02ddffa88","text":"It's urgent","created_on":"2019-10-07T15:22:38Z","direction":"incoming","attachments":[]}